// Jest Snapshot v1, https://goo.gl/fbAQLP

exports[`matches snapshot 1`] = `
<DocumentFragment>
  <div
    class="footer text-center text-muted"
  >
    Made with React.js by 
    <a
      href="https://github.com/maxhirtens"
    >
      @maxhirtens
    </a>
  </div>
  <div
    class="footer text-center text-muted"
  >
    Data provided by The New York Times.
  </div>
</DocumentFragment>
`;
